[trackdata]
cdcd11111111cdcdcdcd22222222cdcdcdcd33333333cdcdcdcd4dcdcdc411112111111211211121
11110111111dc11111111111111111111111111111111111cdcdcdcdcdcdcdcdcdcdcdcdcdcdcdab
abababababababababababababababababababababababababababababababababababababababab
abababababababababababababababababababababababababababababababababababababababab
dcdcdc0000dcdcdcdcdcdc0000dcdcdcdcdcdc0000dcdcdcdcdcdc0000dc11211112111112121111
10111110111cdcdcdcdcdcdcdcdcdcdcdcdcdcdcdcdcdcdcdcdcdcdcdcdcdcdcdcdcdcdcdcdcdcba
babababababababababababababababababababababababababababababababababababababababa
babababababababababababababababababababababababababababababababababababababababa
abababababababababababababababababababababababababababababababababababababababab
abababababababababababababababababababababababababababababababababababababababab
abababababababababababababababababababababababababababababababababababababababab
abababababababababababababababababababababababababababababababababababababababab
babababababababababababababababababababababababababababababababababababababababa
babababababababababababababababababababababababababababababababababababababababa
babababababababababababababababababababababababababababababababababababababababa
babababababababababababababababababababababababababababababababababababababababa
cdcdcdcdcdcdcdcdcdc33dcd33cdc33dcdcdcdcd3111111131111111113111122222222222222332
3332333300cdcdcdc00000cdcdcdcdcdcd00000dcdcdcdcdcdcd444444cdcdcdcdcdcdcdcdcdcdab
abababababababababababababababababababababababababababababababababababababababab
abababababababababababababababababababababababababababababababababababababababab
dcdcdcdcdcdcdcdcdcd33cdc33dcd33cdcdcdcdc31111111111113111111111c1c1c1c1c1c1c1333
3233323300dcdcdcdcdcdcdcdc00000cdcdcdcdcdcd444444cdcdcdcdcdcd444444cdcdcdcdcdcba
babababababababababababababababababababababababababababababababababababababababa
babababababababababababababababababababababababababababababababababababababababa
abababababababababababababababababababababababababababababababababababababababab
abababababababababababababababababababababababababababababababababababababababab
abababababababababababababababababababababababababababababababababababababababab
abababababababababababababababababababababababababababababababababababababababab
babababababababababababababababababababababababababababababababababababababababa
babababababababababababababababababababababababababababababababababababababababa
babababababababababababababababababababababababababababababababababababababababa
babababababababababababababababababababababababababababababababababababababababa
cdcdc0cdcdcdc0cdcdcdcdcdc000cdcd300dcdcdc00dcdcdcdcdcdcdcdcd000000003700030000cd
cd1122111122111142111343434343cdcd4dcdcd4dcdcd4dcdcd00cdcdcdc00110111011abababab
abababababababababababababababababababababababababababababababababababababababab
abababababababababababababababababababababababababababababababababababababababab
dcdcdcdcd0dcdcdcd0dcd0dcd300dcdcd00cdcdc300cdcdcdcd222222223300000000000050003dc
dc1111122111122111122034343434dcdcdcd4dcdcd4dcdcdcdc00dcdcdcd00111101110babababa
babababababababababababababababababababababababababababababababababababababababa
babababababababababababababababababababababababababababababababababababababababa
abababababababababababababababababababababababababababababababababababababababab
abababababababababababababababababababababababababababababababababababababababab
abababababababababababababababababababababababababababababababababababababababab
abababababababababababababababababababababababababababababababababababababababab
babababababababababababababababababababababababababababababababababababababababa
babababababababababababababababababababababababababababababababababababababababa
babababababababababababababababababababababababababababababababababababababababa
babababababababababababababababababababababababababababababababababababababababa
cdcdcdcdcd0dcdcd0dcdcdcdc300cdcdcd00cdcd300dcd4dcdcd00c00dcdcd0dcdcd0dcdcdcdc0cd
c00002000220203300000d2dcd2dcdcd00cdcdc20dcdcd00cdcdcdc0cdcdc0cdcdc0cd0dcdcdcdab
abababababababababababababababababababababababababababababababababababababababab
abababababababababababababababababababababababababababababababababababababababab
dcdcdcd0dcdcd0dcdcd0dcdcdc00dcdcd300dcdcd00cdcd4dcdc000c0cdcdcdcd0dcdcd0dc0cdcdc
300000020000000000002cdc2cdcdcdc20dcdcd00cdcdc20dcdcdcdcdc0cdcdc0cdcdcdcd0dcdcba
babababababababababababababababababababababababababababababababababababababababa
babababababababababababababababababababababababababababababababababababababababa
abababababababababababababababababababababababababababababababababababababababab
abababababababababababababababababababababababababababababababababababababababab
abababababababababababababababababababababababababababababababababababababababab
abababababababababababababababababababababababababababababababababababababababab
babababababababababababababababababababababababababababababababababababababababa
babababababababababababababababababababababababababababababababababababababababa
babababababababababababababababababababababababababababababababababababababababa
babababababababababababababababababababababababababababababababababababababababa
cdcdcefefefe300dcd0dcdcdcd0defefef0fefefef0fefe000efefef3000cdcdcdcdcd0000cdcd12
1112111211121112111112efefefe000000fefefefe212221222122212221222122222130001dcd1
dcd1dcd1dcdc0cdcdc0cdcdcdcdbabababababababababababababababababababababababababab
abababababababababababababababababababababababababababababababababababababababab
dcdcdfefefef300cdcdcdc0cdcdcfe0efefefe0efefefe3000fefefef000dcdcd0000cdcdcd00011
1211121112111211121211000000fefefefe000000f22212221222122212221222121220000dc1cd
c1cdc1cdc1cdcdc0cdcdc0cdc0cababababababababababababababababababababababababababa
babababababababababababababababababababababababababababababababababababababababa
abababababababababababababababababababababababababababababababababababababababab
abababababababababababababababababababababababababababababababababababababababab
abababababababababababababababababababababababababababababababababababababababab
abababababababababababababababababababababababababababababababababababababababab
babababababababababababababababababababababababababababababababababababababababa
babababababababababababababababababababababababababababababababababababababababa
babababababababababababababababababababababababababababababababababababababababa
babababababababababababababababababababababababababababababababababababababababa
200dcd002dcd200dcd2004c4ccccccc0000002020200002020200020202011111111111cdcdcdcd2
22222020102010201dcdcdcdcdc3333330043000430004300043cdcdcdcdcdcdc4000000000dcdcd
cdc0abababababababababababababababababababababababababababababababababababababab
abababababababababababababababababababababababababababababababababababababababab
002cdc200cdc002cdc003c4cddddddd1111111111111111111111111111111002020200dcdcdcdc3
333330020102010201dcdcdcdcd2222221211121114111211121dc00000000000cdcdcdcdcd4dcdc
dcd0babababababababababababababababababababababababababababababababababababababa
babababababababababababababababababababababababababababababababababababababababa
abababababababababababababababababababababababababababababababababababababababab
abababababababababababababababababababababababababababababababababababababababab
abababababababababababababababababababababababababababababababababababababababab
abababababababababababababababababababababababababababababababababababababababab
babababababababababababababababababababababababababababababababababababababababa
babababababababababababababababababababababababababababababababababababababababa
babababababababababababababababababababababababababababababababababababababababa
babababababababababababababababababababababababababababababababababababababababa
77777707477777074777770747cdc0cdcdcdc00dcdc22222201122221110012202111001cd0dcdcd
cd0dcd00203010020004300002001041000240100400100300100000034001003402030000100302
0300010d41414141414141410101020203030404030302020101cdcd0cdcdcdc0cdcdcdc0cdcdc00
0bababababababababababababababababababababababababababababababababababababababab
77074777770747777707477777dcdcdc0c0cdcdcdcdcdcdcd01111001220211100122201dc0cdcdc
dc0cdc00000001003102000204130020010034010302030401030401000020300000100302030000
1003000c14141414141414141010202030304040303020201010dcdc00cdcdc000cdcdc000cdcdc0
aabababababababababababababababababababababababababababababababababababababababa
abababababababababababababababababababababababababababababababababababababababab
abababababababababababababababababababababababababababababababababababababababab
abababababababababababababababababababababababababababababababababababababababab
abababababababababababababababababababababababababababababababababababababababab
babababababababababababababababababababababababababababababababababababababababa
babababababababababababababababababababababababababababababababababababababababa
babababababababababababababababababababababababababababababababababababababababa
babababababababababababababababababababababababababababababababababababababababa
cd5dcf30003301000000000030000000000000000000000000000000000054141414141414141414
14330300000000000000000000000000000000000000000000300000000000000000004434443444
34443444030003000300030002020202020022222222220000055400001010202030304030302020
10ababababababababababababababababababababababababababababababababababababababab
dcdcde30000000033000000000000000000010000000000300000000000051414141413141414141
41330000000003000000000000003001000000000000000000400000000000000000003444344434
44344434000300030003000300202020222222200002222222255400000101020203030403030202
01bababababababababababababababababababababababababababababababababababababababa
abababababababababababababababababababababababababababababababababababababababab
abababababababababababababababababababababababababababababababababababababababab
abababababababababababababababababababababababababababababababababababababababab
abababababababababababababababababababababababababababababababababababababababab
babababababababababababababababababababababababababababababababababababababababa
babababababababababababababababababababababababababababababababababababababababa
babababababababababababababababababababababababababababababababababababababababa
babababababababababababababababababababababababababababababababababababababababa
cdcdcd0dcdcd0dcdcd30000000000300000104430020002222202222202222202222222202221211
1211121104121000111112233300005043400000000000000000434000000000000034cdcd0dcdcd
0dc0cdcdcdcd0dcdcdcdcdcdcdcdcdc22222222222222222222220000000000000000d0d0d0d0d0d
0333abababababababababababababababababababababababababababababababababababababab
dcdcdc0cdcdc0cdcdc00000300000000000034402000202202222202222202222202202222221112
1112111212111000222222100000000000000000000043400000000000020203300000d0dcdcd0dc
dcdcdc0cd0dcdcd0dcdcdcdcdcdcdcdcdcdcdcdcdcdcdcdc222222222222222222222cd0d0d0d0d0
d333babababababababababababababababababababababababababababababababababababababa
abababababababababababababababababababababababababababababababababababababababab
abababababababababababababababababababababababababababababababababababababababab
abababababababababababababababababababababababababababababababababababababababab
abababababababababababababababababababababababababababababababababababababababab
babababababababababababababababababababababababababababababababababababababababa
babababababababababababababababababababababababababababababababababababababababa
babababababababababababababababababababababababababababababababababababababababa
babababababababababababababababababababababababababababababababababababababababa
cdcdcdc34dcdefcdefefedcd00002000002000cfedcdefedcfefefcfc00002000002000dedcfcfed
edcfcfefe0000000000000cfcfcfefef0fefef0fcd0dcdcdc0cdcdcdcdcd0dcd0dcdcdcdcdc0c30e
4efefe4cd012201112201112202222340034003400222222222233330000000000ababababababab
abababababababababababababababababababababababababababababababababababababababab
dcdcdc000000000000000cfefcdefedcfefedcfed00002000002000cdededcfefefcdcfed0000000
0000000cdcfcfcfcdcdcdcdcdcdef0fefef0fefedcdcdc0cdcdc0cdc0cdcdcdcdcd0dcd0dcdcd30c
dce4cdcd4011112201112201112222340034003400000000000000000000000000bababababababa
babababababababababababababababababababababababababababababababababababababababa
abababababababababababababababababababababababababababababababababababababababab
abababababababababababababababababababababababababababababababababababababababab
abababababababababababababababababababababababababababababababababababababababab
abababababababababababababababababababababababababababababababababababababababab
babababababababababababababababababababababababababababababababababababababababa
babababababababababababababababababababababababababababababababababababababababa
babababababababababababababababababababababababababababababababababababababababa
babababababababababababababababababababababababababababababababababababababababa
cdcdcdcdc30000300000000200303030303030312121212123300000043400000434000000330000
0330c2c2c2cd1d1d1dcd222002222220022022002222233300003000003004444020200100202424
2424242424243330033330010050010100000000000000cdcd0dcdcd0dcdcdababababababababab
abababababababababababababababababababababababababababababababababababababababab
dcdcdcdcd30000300000000203030303030303021212121213300000034300000343000000dcd000
d3302c2c2c21d1d1d1dc022222200222222222222200233300000444404030000202001010020242
4242424242423033330033310000001000000000000000ccccccc0ccccc0ccbababababababababa
babababababababababababababababababababababababababababababababababababababababa
abababababababababababababababababababababababababababababababababababababababab
abababababababababababababababababababababababababababababababababababababababab
abababababababababababababababababababababababababababababababababababababababab
abababababababababababababababababababababababababababababababababababababababab
babababababababababababababababababababababababababababababababababababababababa
babababababababababababababababababababababababababababababababababababababababa
babababababababababababababababababababababababababababababababababababababababa
babababababababababababababababababababababababababababababababababababababababa
cdcd002dcdcd000000002dc0cd200dcdc2222222200000000dc22222222332233000000011112221
11102220000022200000cdc0cdc0cdcdcd4dcd4dcdcdcdcdcd000000000dcdcdcdcdc2001dcdcdab
abababababababababababababababababababababababababababababababababababababababab
abababababababababababababababababababababababababababababababababababababababab
dcdc2000000cdcdc300000dcd0002cdcdcdcdcdcd33300000cd33333333223322000000022211111
2220000022200000222cd0dcd0dcdcdc4cdc4c34dcdcd000000cdcdcdc000000000cd0010cdcd3ba
babababababababababababababababababababababababababababababababababababababababa
babababababababababababababababababababababababababababababababababababababababa
abababababababababababababababababababababababababababababababababababababababab
abababababababababababababababababababababababababababababababababababababababab
abababababababababababababababababababababababababababababababababababababababab
abababababababababababababababababababababababababababababababababababababababab
babababababababababababababababababababababababababababababababababababababababa
babababababababababababababababababababababababababababababababababababababababa
babababababababababababababababababababababababababababababababababababababababa
babababababababababababababababababababababababababababababababababababababababa
cdcdcdcdcdcdcdcdcdcdcdcdcdcdcdcdcdcdcdcdcdcdcdcdcdcdcdcdcdcdcdcdcdcdcdcdcdcdcdcd
cdcdcdcdcdcdcdcdcdcdcdcdcdcdcdcdcdcdcdcdcdcdcdcdcdcdcdcdcdcdcdcdcdcdcdcdcdcdcdab
abababababababababababababababababababababababababababababababababababababababab
abababababababababababababababababababababababababababababababababababababababab
dcdcdcdcdcdcdcdcdcdcdcdcdcdcdcdcdcdcdcdcdcdcdcdcdcdcdcdcdcdcdcdcdcdcdcdcdcdcdcdc
dcdcdcdcdcdcdcdcdcdcdcdcdcdcdcdcdcdcdcdcdcdcdcdcdcdcdcdcdcdcdcdcdcdcdcdcdcdcdcba
babababababababababababababababababababababababababababababababababababababababa
babababababababababababababababababababababababababababababababababababababababa
abababababababababababababababababababababababababababababababababababababababab
abababababababababababababababababababababababababababababababababababababababab
abababababababababababababababababababababababababababababababababababababababab
abababababababababababababababababababababababababababababababababababababababab
babababababababababababababababababababababababababababababababababababababababa
babababababababababababababababababababababababababababababababababababababababa
babababababababababababababababababababababababababababababababababababababababa
babababababababababababababababababababababababababababababababababababababababa
cdcdcdcdcdcdcdcdcdcdcdcdcdcdcdcdcdcdcdcdcdcdcdcdcdcdcdcdcdcdcdcdcdcdcdcdcdcdcdcd
cdcdcdcdcdcdcdcdcdcdcdcdcdcdcdcdcdcdcdcdcdcdcdcdcdcdcdcdcdcdcdcdcdcdcdcdcdcdcdab
abababababababababababababababababababababababababababababababababababababababab
abababababababababababababababababababababababababababababababababababababababab
dcdcdcdcdcdcdcdcdcdcdcdcdcdcdcdcdcdcdcdcdcdcdcdcdcdcdcdcdcdcdcdcdcdcdcdcdcdcdcdc
dcdcdcdcdcdcdcdcdcdcdcdcdcdcdcdcdcdcdcdcdcdcdcdcdcdcdcdcdcdcdcdcdcdcdcdcdcdcdcba
babababababababababababababababababababababababababababababababababababababababa
babababababababababababababababababababababababababababababababababababababababa
abababababababababababababababababababababababababababababababababababababababab
abababababababababababababababababababababababababababababababababababababababab
abababababababababababababababababababababababababababababababababababababababab
abababababababababababababababababababababababababababababababababababababababab
babababababababababababababababababababababababababababababababababababababababa
babababababababababababababababababababababababababababababababababababababababa
babababababababababababababababababababababababababababababababababababababababa
babababababababababababababababababababababababababababababababababababababababa
cdcdcdcdcdcdcdcdcdcdcdcdcdcdcdcdcdcdcdcdcdcdcdcdcdcdcdcdcdcdcdcdcdcdcdcdcdcdcdcd
cdcdcdcdcdcdcdcdcdcdcdcdcdcdcdcdcdcdcdcdcdcdcdcdcdcdcdcdcdcdcdcdcdcdcdcdcdcdcdab
abababababababababababababababababababababababababababababababababababababababab
abababababababababababababababababababababababababababababababababababababababab
dcdcdcdcdcdcdcdcdcdcdcdcdcdcdcdcdcdcdcdcdcdcdcdcdcdcdcdcdcdcdcdcdcdcdcdcdcdcdcdc
dcdcdcdcdcdcdcdcdcdcdcdcdcdcdcdcdcdcdcdcdcdcdcdcdcdcdcdcdcdcdcdcdcdcdcdcdcdcdcba
babababababababababababababababababababababababababababababababababababababababa
babababababababababababababababababababababababababababababababababababababababa
abababababababababababababababababababababababababababababababababababababababab
abababababababababababababababababababababababababababababababababababababababab
abababababababababababababababababababababababababababababababababababababababab
abababababababababababababababababababababababababababababababababababababababab
babababababababababababababababababababababababababababababababababababababababa
babababababababababababababababababababababababababababababababababababababababa
babababababababababababababababababababababababababababababababababababababababa
babababababababababababababababababababababababababababababababababababababababa
cdcdcdcdcdcdcdcdcdcdcdcdcdcdcdcdcdcdcdcdcdcdcdcdcdcdcdcdcdcdcdcdcdcdcdcdcdcdcdcd
cdcdcdcdcdcdcdcdcdcdcdcdcdcdcdcdcdcdcdcdcdcdcdcdcdcdcdcdcdcdcdcdcdcdcdcdcdcdcdab
abababababababababababababababababababababababababababababababababababababababab
abababababababababababababababababababababababababababababababababababababababab
dcdcdcdcdcdcdcdcdcdcdcdcdcdcdcdcdcdcdcdcdcdcdcdcdcdcdcdcdcdcdcdcdcdcdcdcdcdcdcdc
dcdcdcdcdcdcdcdcdcdcdcdcdcdcdcdcdcdcdcdcdcdcdcdcdcdcdcdcdcdcdcdcdcdcdcdcdcdcdcba
babababababababababababababababababababababababababababababababababababababababa
babababababababababababababababababababababababababababababababababababababababa
abababababababababababababababababababababababababababababababababababababababab
abababababababababababababababababababababababababababababababababababababababab
abababababababababababababababababababababababababababababababababababababababab
abababababababababababababababababababababababababababababababababababababababab
babababababababababababababababababababababababababababababababababababababababa
babababababababababababababababababababababababababababababababababababababababa
babababababababababababababababababababababababababababababababababababababababa
babababababababababababababababababababababababababababababababababababababababa
cdcdcdcdcdcdcdcdcdcdcdcdcdcdcdcdcdcdcdcdcdcdcdcdcdcdcdcdcdcdcdcdcdcdcdcdcdcdcdcd
cdcdcdcdcdcdcdcdcdcdcdcdcdcdcdcdcdcdcdcdcdcdcdcdcdcdcdcdcdcdcdcdcdcdcdcdcdcdcdab
abababababababababababababababababababababababababababababababababababababababab
abababababababababababababababababababababababababababababababababababababababab
dcdcdcdcdcdcdcdcdcdcdcdcdcdcdcdcdcdcdcdcdcdcdcdcdcdcdcdcdcdcdcdcdcdcdcdcdcdcdcdc
dcdcdcdcdcdcdcdcdcdcdcdcdcdcdcdcdcdcdcdcdcdcdcdcdcdcdcdcdcdcdcdcdcdcdcdcdcdcdcba
babababababababababababababababababababababababababababababababababababababababa
babababababababababababababababababababababababababababababababababababababababa
abababababababababababababababababababababababababababababababababababababababab
abababababababababababababababababababababababababababababababababababababababab
abababababababababababababababababababababababababababababababababababababababab
abababababababababababababababababababababababababababababababababababababababab
babababababababababababababababababababababababababababababababababababababababa
babababababababababababababababababababababababababababababababababababababababa
babababababababababababababababababababababababababababababababababababababababa
babababababababababababababababababababababababababababababababababababababababa
cdcdcdcdcdcdcdcdcdcdcdcdcdcdcdcdcdcdcdcdcdcdcdcdcdcdcdcdcdcdcdcdcdcdcdcdcdcdcdcd
cdcdcdcdcdcdcdcdcdcdcdcdcdcdcdcdcdcdcdcdcdcdcdcdcdcdcdcdcdcdcdcdcdcdcdcdcdcdcdab
abababababababababababababababababababababababababababababababababababababababab
abababababababababababababababababababababababababababababababababababababababab
dcdcdcdcdcdcdcdcdcdcdcdcdcdcdcdcdcdcdcdcdcdcdcdcdcdcdcdcdcdcdcdcdcdcdcdcdcdcdcdc
dcdcdcdcdcdcdcdcdcdcdcdcdcdcdcdcdcdcdcdcdcdcdcdcdcdcdcdcdcdcdcdcdcdcdcdcdcdcdcba
babababababababababababababababababababababababababababababababababababababababa
babababababababababababababababababababababababababababababababababababababababa
abababababababababababababababababababababababababababababababababababababababab
abababababababababababababababababababababababababababababababababababababababab
abababababababababababababababababababababababababababababababababababababababab
abababababababababababababababababababababababababababababababababababababababab
babababababababababababababababababababababababababababababababababababababababa
babababababababababababababababababababababababababababababababababababababababa
babababababababababababababababababababababababababababababababababababababababa
babababababababababababababababababababababababababababababababababababababababa
cdcdcdcdcdcdcdcdcdcdcdcdcdcdcdcdcdcdcdcdcdcdcdcdcdcdcdcdcdcdcdcdcdcdcdcdcdcdcdcd
cdcdcdcdcdcdcdcdcdcdcdcdcdcdcdcdcdcdcdcdcdcdcdcdcdcdcdcdcdcdcdcdcdcdcdcdcdcdcdab
abababababababababababababababababababababababababababababababababababababababab
abababababababababababababababababababababababababababababababababababababababab
dcdcdcdcdcdcdcdcdcdcdcdcdcdcdcdcdcdcdcdcdcdcdcdcdcdcdcdcdcdcdcdcdcdcdcdcdcdcdcdc
dcdcdcdcdcdcdcdcdcdcdcdcdcdcdcdcdcdcdcdcdcdcdcdcdcdcdcdcdcdcdcdcdcdcdcdcdcdcdcba
babababababababababababababababababababababababababababababababababababababababa
babababababababababababababababababababababababababababababababababababababababa
abababababababababababababababababababababababababababababababababababababababab
abababababababababababababababababababababababababababababababababababababababab
abababababababababababababababababababababababababababababababababababababababab
abababababababababababababababababababababababababababababababababababababababab
babababababababababababababababababababababababababababababababababababababababa
babababababababababababababababababababababababababababababababababababababababa
babababababababababababababababababababababababababababababababababababababababa
babababababababababababababababababababababababababababababababababababababababa
cdcdcdcdcdcdcdcdcdcdcdcdcdcdcdcdcdcdcdcdcdcdcdcdcdcdcdcdcdcdcdcdcdcdcdcdcdcdcdcd
cdcdcdcdcdcdcdcdcdcdcdcdcdcdcdcdcdcdcdcdcdcdcdcdcdcdcdcdcdcdcdcdcdcdcdcdcdcdcdab
abababababababababababababababababababababababababababababababababababababababab
abababababababababababababababababababababababababababababababababababababababab
dcdcdcdcdcdcdcdcdcdcdcdcdcdcdcdcdcdcdcdcdcdcdcdcdcdcdcdcdcdcdcdcdcdcdcdcdcdcdcdc
dcdcdcdcdcdcdcdcdcdcdcdcdcdcdcdcdcdcdcdcdcdcdcdcdcdcdcdcdcdcdcdcdcdcdcdcdcdcdcba
babababababababababababababababababababababababababababababababababababababababa
babababababababababababababababababababababababababababababababababababababababa
abababababababababababababababababababababababababababababababababababababababab
abababababababababababababababababababababababababababababababababababababababab
abababababababababababababababababababababababababababababababababababababababab
abababababababababababababababababababababababababababababababababababababababab
babababababababababababababababababababababababababababababababababababababababa
babababababababababababababababababababababababababababababababababababababababa
babababababababababababababababababababababababababababababababababababababababa
babababababababababababababababababababababababababababababababababababababababa
cdcdcdcdcdcdcdcdcdcdcdcdcdcdcdcdcdcdcdcdcdcdcdcdcdcdcdcdcdcdcdcdcdcdcdcdcdcdcdcd
cdcdcdcdcdcdcdcdcdcdcdcdcdcdcdcdcdcdcdcdcdcdcdcdcdcdcdcdcdcdcdcdcdcdcdcdcdcdcdab
abababababababababababababababababababababababababababababababababababababababab
abababababababababababababababababababababababababababababababababababababababab
dcdcdcdcdcdcdcdcdcdcdcdcdcdcdcdcdcdcdcdcdcdcdcdcdcdcdcdcdcdcdcdcdcdcdcdcdcdcdcdc
dcdcdcdcdcdcdcdcdcdcdcdcdcdcdcdcdcdcdcdcdcdcdcdcdcdcdcdcdcdcdcdcdcdcdcdcdcdcdcba
babababababababababababababababababababababababababababababababababababababababa
babababababababababababababababababababababababababababababababababababababababa
abababababababababababababababababababababababababababababababababababababababab
abababababababababababababababababababababababababababababababababababababababab
abababababababababababababababababababababababababababababababababababababababab
abababababababababababababababababababababababababababababababababababababababab
babababababababababababababababababababababababababababababababababababababababa
babababababababababababababababababababababababababababababababababababababababa
babababababababababababababababababababababababababababababababababababababababa
babababababababababababababababababababababababababababababababababababababababa
cdcdcdcdcdcdcdcdcdcdcdcdcdcdcdcdcdcdcdcdcdcdcdcdcdcdcdcdcdcdcdcdcdcdcdcdcdcdcdcd
cdcdcdcdcdcdcdcdcdcdcdcdcdcdcdcdcdcdcdcdcdcdcdcdcdcdcdcdcdcdcdcdcdcdcdcdcdcdcdab
abababababababababababababababababababababababababababababababababababababababab
abababababababababababababababababababababababababababababababababababababababab
dcdcdcdcdcdcdcdcdcdcdcdcdcdcdcdcdcdcdcdcdcdcdcdcdcdcdcdcdcdcdcdcdcdcdcdcdcdcdcdc
dcdcdcdcdcdcdcdcdcdcdcdcdcdcdcdcdcdcdcdcdcdcdcdcdcdcdcdcdcdcdcdcdcdcdcdcdcdcdcba
babababababababababababababababababababababababababababababababababababababababa
babababababababababababababababababababababababababababababababababababababababa
abababababababababababababababababababababababababababababababababababababababab
abababababababababababababababababababababababababababababababababababababababab
abababababababababababababababababababababababababababababababababababababababab
abababababababababababababababababababababababababababababababababababababababab
babababababababababababababababababababababababababababababababababababababababa
babababababababababababababababababababababababababababababababababababababababa
babababababababababababababababababababababababababababababababababababababababa
babababababababababababababababababababababababababababababababababababababababa
cdcdcdcdcdcdcdcdcdcdcdcdcdcdcdcdcdcdcdcdcdcdcdcdcdcdcdcdcdcdcdcdcdcdcdcdcdcdcdcd
cdcdcdcdcdcdcdcdcdcdcdcdcdcdcdcdcdcdcdcdcdcdcdcdcdcdcdcdcdcdcdcdcdcdcdcdcdcdcdab
abababababababababababababababababababababababababababababababababababababababab
abababababababababababababababababababababababababababababababababababababababab
dcdcdcdcdcdcdcdcdcdcdcdcdcdcdcdcdcdcdcdcdcdcdcdcdcdcdcdcdcdcdcdcdcdcdcdcdcdcdcdc
dcdcdcdcdcdcdcdcdcdcdcdcdcdcdcdcdcdcdcdcdcdcdcdcdcdcdcdcdcdcdcdcdcdcdcdcdcdcdcba
babababababababababababababababababababababababababababababababababababababababa
babababababababababababababababababababababababababababababababababababababababa
abababababababababababababababababababababababababababababababababababababababab
abababababababababababababababababababababababababababababababababababababababab
abababababababababababababababababababababababababababababababababababababababab
abababababababababababababababababababababababababababababababababababababababab
babababababababababababababababababababababababababababababababababababababababa
babababababababababababababababababababababababababababababababababababababababa
babababababababababababababababababababababababababababababababababababababababa
babababababababababababababababababababababababababababababababababababababababa
cdcdcdcdcdcdcdcdcdcdcdcdcdcdcdcdcdcdcdcdcdcdcdcdcdcdcdcdcdcdcdcdcdcdcdcdcdcdcdcd
cdcdcdcdcdcdcdcdcdcdcdcdcdcdcdcdcdcdcdcdcdcdcdcdcdcdcdcdcdcdcdcdcdcdcdcdcdcdcdab
abababababababababababababababababababababababababababababababababababababababab
abababababababababababababababababababababababababababababababababababababababab
dcdcdcdcdcdcdcdcdcdcdcdcdcdcdcdcdcdcdcdcdcdcdcdcdcdcdcdcdcdcdcdcdcdcdcdcdcdcdcdc
dcdcdcdcdcdcdcdcdcdcdcdcdcdcdcdcdcdcdcdcdcdcdcdcdcdcdcdcdcdcdcdcdcdcdcdcdcdcdcba
babababababababababababababababababababababababababababababababababababababababa
babababababababababababababababababababababababababababababababababababababababa
abababababababababababababababababababababababababababababababababababababababab
abababababababababababababababababababababababababababababababababababababababab
abababababababababababababababababababababababababababababababababababababababab
abababababababababababababababababababababababababababababababababababababababab
babababababababababababababababababababababababababababababababababababababababa
babababababababababababababababababababababababababababababababababababababababa
babababababababababababababababababababababababababababababababababababababababa
babababababababababababababababababababababababababababababababababababababababa
cdcdcdcdcdcdcdcdcdcdcdcdcdcdcdcdcdcdcdcdcdcdcdcdcdcdcdcdcdcdcdcdcdcdcdcdcdcdcdcd
cdcdcdcdcdcdcdcdcdcdcdcdcdcdcdcdcdcdcdcdcdcdcdcdcdcdcdcdcdcdcdcdcdcdcdcdcdcdcdab
abababababababababababababababababababababababababababababababababababababababab
abababababababababababababababababababababababababababababababababababababababab
dcdcdcdcdcdcdcdcdcdcdcdcdcdcdcdcdcdcdcdcdcdcdcdcdcdcdcdcdcdcdcdcdcdcdcdcdcdcdcdc
dcdcdcdcdcdcdcdcdcdcdcdcdcdcdcdcdcdcdcdcdcdcdcdcdcdcdcdcdcdcdcdcdcdcdcdcdcdcdcba
babababababababababababababababababababababababababababababababababababababababa
babababababababababababababababababababababababababababababababababababababababa
abababababababababababababababababababababababababababababababababababababababab
abababababababababababababababababababababababababababababababababababababababab
abababababababababababababababababababababababababababababababababababababababab
abababababababababababababababababababababababababababababababababababababababab
babababababababababababababababababababababababababababababababababababababababa
babababababababababababababababababababababababababababababababababababababababa
babababababababababababababababababababababababababababababababababababababababa
babababababababababababababababababababababababababababababababababababababababa
cdcdcd00000000efefefefe4efe4efe4efedcdcdc300cdefcd005dcdcdc44de44fef44cdc0005def
efefcdcdcdcdc4cdcdcd350000cdcd34cd0dcd0dcd0d00cdc0cdcdc0cde0efe0ef300222512121ab
abababababababababababababababababababababababababababababababababababababababab
abababababababababababababababababababababababababababababababababababababababab
dcdcd500000000fefefefefef4fefefefefcdcdcdc00dcfed3005cdcdcd44c43fe43fef44cdcdcfe
fefedcdcdcdcd40cdcd2220000dcdc34dcdc0cdc0cdd00d0dcd000dcd0fef0fef0100012121212ba
babababababababababababababababababababababababababababababababababababababababa
babababababababababababababababababababababababababababababababababababababababa
abababababababababababababababababababababababababababababababababababababababab
abababababababababababababababababababababababababababababababababababababababab
abababababababababababababababababababababababababababababababababababababababab
abababababababababababababababababababababababababababababababababababababababab
babababababababababababababababababababababababababababababababababababababababa
babababababababababababababababababababababababababababababababababababababababa
babababababababababababababababababababababababababababababababababababababababa
babababababababababababababababababababababababababababababababababababababababa
!
[tracknames]
Introduction        Einfach             Blue Lagoon         Follow the signs    Meet Cyan           Run the risk        Keep on Bouncing    Go for launch!      Technicolor Maze    Feeling drunk       Patchwork quilt     Change Lane Now     Impossible Jump     Relax!              Normal              Normal              Normal              Normal              Normal              Go for launch!      Weaving             Keep in lane        Dodgems             Traffic lights      Tricks n traps      Steves run          
[checksum]
&12345678909876
[end]
